
 Start  Stop   Length Name               Class

 00000H 02356H 02357H _TEXT              CODE
 02360H 02877H 00518H _DATA              DATA
 02878H 0287BH 00004H _EMUSEG            DATA
 0287CH 0287DH 00002H _CRTSEG            DATA
 0287EH 0287FH 00002H _CVTSEG            DATA
 02880H 02885H 00006H _SCNSEG            DATA
 02886H 028E7H 00062H _BSS               BSS
 028E8H 028E8H 00000H _BSSEND            STACK
 028F0H 0296FH 00080H _STACK             STACK

Detailed map of segments

0000:0000 01FA C=CODE S=_TEXT G=(none) M=C0S ACBP=28
0000:01FA 00A9 C=CODE S=_TEXT G=(none) M=TEST.C ACBP=28
0000:02A3 03CF C=CODE S=_TEXT G=(none) M=TODOAPI.C ACBP=28
0000:0672 003B C=CODE S=_TEXT G=(none) M=IOERROR ACBP=28
0000:06AD 0030 C=CODE S=_TEXT G=(none) M=EXIT ACBP=28
0000:06DD 0000 C=CODE S=_TEXT G=(none) M=HEAPLEN ACBP=28
0000:06DD 00F1 C=CODE S=_TEXT G=(none) M=SETARGV ACBP=28
0000:07CE 004A C=CODE S=_TEXT G=(none) M=SETENVP ACBP=28
0000:0818 0000 C=CODE S=_TEXT G=(none) M=STKLEN ACBP=28
0000:0818 0026 C=CODE S=_TEXT G=(none) M=ATEXIT ACBP=28
0000:083E 014D C=CODE S=_TEXT G=(none) M=MALLOC ACBP=28
0000:098B 0078 C=CODE S=_TEXT G=(none) M=BRK ACBP=28
0000:0A03 0221 C=CODE S=_TEXT G=(none) M=FOPEN ACBP=28
0000:0C24 0178 C=CODE S=_TEXT G=(none) M=OPEN ACBP=28
0000:0D9C 0049 C=CODE S=_TEXT G=(none) M=OPENA ACBP=28
0000:0DE5 0000 C=CODE S=_TEXT G=(none) M=FILES ACBP=28
0000:0DE5 0000 C=CODE S=_TEXT G=(none) M=FILES2 ACBP=28
0000:0DE5 0000 C=CODE S=_TEXT G=(none) M=FMODE ACBP=28
0000:0DE5 010A C=CODE S=_TEXT G=(none) M=FSEEK ACBP=28
0000:0EEF 0197 C=CODE S=_TEXT G=(none) M=GETC ACBP=28
0000:1086 0029 C=CODE S=_TEXT G=(none) M=IOCTL ACBP=28
0000:10AF 0018 C=CODE S=_TEXT G=(none) M=ISATTY ACBP=28
0000:10C7 00D2 C=CODE S=_TEXT G=(none) M=SETVBUF ACBP=28
0000:1199 0080 C=CODE S=_TEXT G=(none) M=FCLOSE ACBP=28
0000:1219 002D C=CODE S=_TEXT G=(none) M=CLOSE ACBP=28
0000:1246 0024 C=CODE S=_TEXT G=(none) M=CLOSEA ACBP=28
0000:126A 001F C=CODE S=_TEXT G=(none) M=XFCLOSE ACBP=28
0000:1289 0021 C=CODE S=_TEXT G=(none) M=XFFLUSH ACBP=28
0000:12AA 0164 C=CODE S=_TEXT G=(none) M=FREAD ACBP=28
0000:140E 00BC C=CODE S=_TEXT G=(none) M=READ ACBP=28
0000:14CA 001C C=CODE S=_TEXT G=(none) M=READA ACBP=28
0000:14E6 0078 C=CODE S=_TEXT G=(none) M=FWRITE ACBP=28
0000:155E 0113 C=CODE S=_TEXT G=(none) M=WRITE ACBP=28
0000:1671 0046 C=CODE S=_TEXT G=(none) M=WRITEA ACBP=28
0000:16B7 0039 C=CODE S=_TEXT G=(none) M=ACCESS ACBP=28
0000:16F0 002B C=CODE S=_TEXT G=(none) M=LSEEK ACBP=28
0000:171B 00EB C=CODE S=_TEXT G=(none) M=LTOA ACBP=28
0000:1806 0019 C=CODE S=_TEXT G=(none) M=LXMUL ACBP=28
0000:181F 007E C=CODE S=_TEXT G=(none) M=TMPNAM ACBP=28
0000:189D 0018 C=CODE S=_TEXT G=(none) M=UNLINK ACBP=28
0000:18B5 003C C=CODE S=_TEXT G=(none) M=STRCAT ACBP=28
0000:18F1 001D C=CODE S=_TEXT G=(none) M=STRLEN ACBP=28
0000:190E 0024 C=CODE S=_TEXT G=(none) M=STRCPY ACBP=28
0000:1932 001D C=CODE S=_TEXT G=(none) M=CHMODA ACBP=28
0000:194F 0021 C=CODE S=_TEXT G=(none) M=CVTFAK ACBP=28
0000:1970 006E C=CODE S=_TEXT G=(none) M=EOF ACBP=28
0000:19DE 007E C=CODE S=_TEXT G=(none) M=FFLUSH ACBP=28
0000:1A5C 0019 C=CODE S=_TEXT G=(none) M=PRINTF ACBP=28
0000:1A75 0219 C=CODE S=_TEXT G=(none) M=PUTC ACBP=28
0000:1C8E 0004 C=CODE S=_TEXT G=(none) M=REALCVT ACBP=28
0000:1C92 052C C=CODE S=_TEXT G=(none) M=VPRINTER ACBP=28
0000:21BE 013E C=CODE S=_TEXT G=(none) M=FREE ACBP=28
0000:22FC 0018 C=CODE S=_TEXT G=(none) M=FPRINTF ACBP=28
0000:2314 001C C=CODE S=_TEXT G=(none) M=SCOPY ACBP=28
0000:2330 0027 C=CODE S=_TEXT G=(none) M=SPUSH ACBP=28
0236:0000 0194 C=DATA S=_DATA G=DGROUP M=C0S ACBP=68
0236:0194 005F C=DATA S=_DATA G=DGROUP M=TEST.C ACBP=48
0236:01F4 0095 C=DATA S=_DATA G=DGROUP M=TODOAPI.C ACBP=48
0236:028A 005B C=DATA S=_DATA G=(none) M=IOERROR ACBP=48
0236:02E6 0006 C=DATA S=_DATA G=DGROUP M=EXIT ACBP=48
0236:02EC 0002 C=DATA S=_DATA G=DGROUP M=HEAPLEN ACBP=48
0236:02EE 0000 C=DATA S=_DATA G=DGROUP M=SETARGV ACBP=48
0236:02EE 0000 C=DATA S=_DATA G=DGROUP M=SETENVP ACBP=48
0236:02EE 0002 C=DATA S=_DATA G=DGROUP M=STKLEN ACBP=48
0236:02F0 0002 C=DATA S=_DATA G=DGROUP M=ATEXIT ACBP=48
0236:02F2 0000 C=DATA S=_DATA G=DGROUP M=MALLOC ACBP=48
0236:02F2 0000 C=DATA S=_DATA G=(none) M=BRK ACBP=48
0236:02F2 0000 C=DATA S=_DATA G=DGROUP M=FOPEN ACBP=48
0236:02F2 0000 C=DATA S=_DATA G=(none) M=OPEN ACBP=48
0236:02F2 0000 C=DATA S=_DATA G=(none) M=OPENA ACBP=48
0236:02F2 0140 C=DATA S=_DATA G=DGROUP M=FILES ACBP=48
0236:0432 0028 C=DATA S=_DATA G=DGROUP M=FILES2 ACBP=48
0236:045A 0004 C=DATA S=_DATA G=DGROUP M=FMODE ACBP=48
0236:045E 0000 C=DATA S=_DATA G=DGROUP M=FSEEK ACBP=48
0236:045E 0000 C=DATA S=_DATA G=DGROUP M=GETC ACBP=48
0236:045E 0000 C=DATA S=_DATA G=(none) M=IOCTL ACBP=48
0236:045E 0000 C=DATA S=_DATA G=(none) M=ISATTY ACBP=48
0236:045E 0004 C=DATA S=_DATA G=DGROUP M=SETVBUF ACBP=48
0236:0462 0000 C=DATA S=_DATA G=DGROUP M=FCLOSE ACBP=48
0236:0462 0000 C=DATA S=_DATA G=DGROUP M=CLOSE ACBP=48
0236:0462 0000 C=DATA S=_DATA G=(none) M=CLOSEA ACBP=48
0236:0462 0000 C=DATA S=_DATA G=DGROUP M=XFCLOSE ACBP=48
0236:0462 0000 C=DATA S=_DATA G=DGROUP M=XFFLUSH ACBP=48
0236:0462 0000 C=DATA S=_DATA G=DGROUP M=FREAD ACBP=48
0236:0462 0000 C=DATA S=_DATA G=(none) M=READ ACBP=48
0236:0462 0000 C=DATA S=_DATA G=(none) M=READA ACBP=48
0236:0462 0000 C=DATA S=_DATA G=DGROUP M=FWRITE ACBP=48
0236:0462 0000 C=DATA S=_DATA G=DGROUP M=WRITE ACBP=48
0236:0462 0000 C=DATA S=_DATA G=(none) M=WRITEA ACBP=48
0236:0462 0000 C=DATA S=_DATA G=DGROUP M=ACCESS ACBP=48
0236:0462 0000 C=DATA S=_DATA G=(none) M=LSEEK ACBP=48
0236:0462 0000 C=DATA S=_DATA G=(none) M=LTOA ACBP=48
0236:0462 0009 C=DATA S=_DATA G=DGROUP M=TMPNAM ACBP=48
0236:046C 0000 C=DATA S=_DATA G=(none) M=UNLINK ACBP=48
0236:046C 0000 C=DATA S=_DATA G=(none) M=STRCAT ACBP=48
0236:046C 0000 C=DATA S=_DATA G=(none) M=STRLEN ACBP=48
0236:046C 0000 C=DATA S=_DATA G=(none) M=STRCPY ACBP=48
0236:046C 0000 C=DATA S=_DATA G=(none) M=CHMODA ACBP=48
0236:046C 0031 C=DATA S=_DATA G=DGROUP M=CVTFAK ACBP=48
0236:049E 0000 C=DATA S=_DATA G=(none) M=EOF ACBP=48
0236:049E 0000 C=DATA S=_DATA G=DGROUP M=FFLUSH ACBP=48
0236:049E 0000 C=DATA S=_DATA G=DGROUP M=PRINTF ACBP=48
0236:049E 0001 C=DATA S=_DATA G=DGROUP M=PUTC ACBP=48
0236:04A0 0077 C=DATA S=_DATA G=DGROUP M=VPRINTER ACBP=48
0236:0518 0000 C=DATA S=_DATA G=DGROUP M=FREE ACBP=48
0236:0518 0000 C=DATA S=_DATA G=DGROUP M=FPRINTF ACBP=48
0287:0008 0004 C=DATA S=_EMUSEG G=DGROUP M=C0S ACBP=58
0287:000C 0002 C=DATA S=_CRTSEG G=DGROUP M=C0S ACBP=58
0287:000E 0000 C=DATA S=_CVTSEG G=DGROUP M=C0S ACBP=48
0287:000E 0002 C=DATA S=_CVTSEG G=(none) M=CVTFAK ACBP=48
0287:0010 0000 C=DATA S=_CVTSEG G=DGROUP M=REALCVT ACBP=48
0288:0000 0000 C=DATA S=_SCNSEG G=DGROUP M=C0S ACBP=48
0288:0000 0006 C=DATA S=_SCNSEG G=(none) M=CVTFAK ACBP=48
0288:0006 0000 C=BSS S=_BSS G=DGROUP M=C0S ACBP=48
0288:0006 0000 C=BSS S=_BSS G=DGROUP M=TEST.C ACBP=48
0288:0006 000B C=BSS S=_BSS G=DGROUP M=TODOAPI.C ACBP=48
0288:0012 0000 C=BSS S=_BSS G=DGROUP M=IOERROR ACBP=48
0288:0012 0000 C=BSS S=_BSS G=DGROUP M=EXIT ACBP=48
0288:0012 0000 C=BSS S=_BSS G=DGROUP M=HEAPLEN ACBP=48
0288:0012 0000 C=BSS S=_BSS G=DGROUP M=STKLEN ACBP=48
0288:0012 0040 C=BSS S=_BSS G=DGROUP M=ATEXIT ACBP=48
0288:0052 0006 C=BSS S=_BSS G=DGROUP M=MALLOC ACBP=48
0288:0058 0000 C=BSS S=_BSS G=DGROUP M=BRK ACBP=48
0288:0058 0000 C=BSS S=_BSS G=DGROUP M=FOPEN ACBP=48
0288:0058 0000 C=BSS S=_BSS G=DGROUP M=OPEN ACBP=48
0288:0058 0000 C=BSS S=_BSS G=DGROUP M=OPENA ACBP=48
0288:0058 0000 C=BSS S=_BSS G=DGROUP M=FILES ACBP=48
0288:0058 0000 C=BSS S=_BSS G=DGROUP M=FILES2 ACBP=48
0288:0058 0000 C=BSS S=_BSS G=DGROUP M=FMODE ACBP=48
0288:0058 0000 C=BSS S=_BSS G=DGROUP M=FSEEK ACBP=48
0288:0058 0000 C=BSS S=_BSS G=DGROUP M=GETC ACBP=48
0288:0058 0000 C=BSS S=_BSS G=DGROUP M=IOCTL ACBP=48
0288:0058 0000 C=BSS S=_BSS G=DGROUP M=ISATTY ACBP=48
0288:0058 0000 C=BSS S=_BSS G=DGROUP M=SETVBUF ACBP=48
0288:0058 0000 C=BSS S=_BSS G=DGROUP M=FCLOSE ACBP=48
0288:0058 0000 C=BSS S=_BSS G=DGROUP M=CLOSE ACBP=48
0288:0058 0000 C=BSS S=_BSS G=DGROUP M=CLOSEA ACBP=48
0288:0058 0000 C=BSS S=_BSS G=DGROUP M=XFCLOSE ACBP=48
0288:0058 0000 C=BSS S=_BSS G=DGROUP M=XFFLUSH ACBP=48
0288:0058 0000 C=BSS S=_BSS G=DGROUP M=FREAD ACBP=48
0288:0058 0000 C=BSS S=_BSS G=DGROUP M=READ ACBP=48
0288:0058 0000 C=BSS S=_BSS G=DGROUP M=READA ACBP=48
0288:0058 0000 C=BSS S=_BSS G=DGROUP M=FWRITE ACBP=48
0288:0058 0000 C=BSS S=_BSS G=DGROUP M=WRITE ACBP=48
0288:0058 0000 C=BSS S=_BSS G=DGROUP M=WRITEA ACBP=48
0288:0058 0000 C=BSS S=_BSS G=DGROUP M=ACCESS ACBP=48
0288:0058 0000 C=BSS S=_BSS G=DGROUP M=LSEEK ACBP=48
0288:0058 0000 C=BSS S=_BSS G=DGROUP M=LTOA ACBP=48
0288:0058 000F C=BSS S=_BSS G=DGROUP M=TMPNAM ACBP=48
0288:0068 0000 C=BSS S=_BSS G=DGROUP M=UNLINK ACBP=48
0288:0068 0000 C=BSS S=_BSS G=DGROUP M=STRCAT ACBP=48
0288:0068 0000 C=BSS S=_BSS G=DGROUP M=STRLEN ACBP=48
0288:0068 0000 C=BSS S=_BSS G=DGROUP M=STRCPY ACBP=48
0288:0068 0000 C=BSS S=_BSS G=DGROUP M=CHMODA ACBP=48
0288:0068 0000 C=BSS S=_BSS G=DGROUP M=EOF ACBP=48
0288:0068 0000 C=BSS S=_BSS G=DGROUP M=FFLUSH ACBP=48
0288:0068 0000 C=BSS S=_BSS G=DGROUP M=PRINTF ACBP=48
0288:0068 0000 C=BSS S=_BSS G=DGROUP M=PUTC ACBP=48
0288:0068 0000 C=BSS S=_BSS G=DGROUP M=VPRINTER ACBP=48
0288:0068 0000 C=BSS S=_BSS G=DGROUP M=FREE ACBP=48
0288:0068 0000 C=BSS S=_BSS G=DGROUP M=FPRINTF ACBP=48
028E:0008 0000 C=STACK S=_BSSEND G=DGROUP M=C0S ACBP=28
028F:0000 0080 C=STACK S=_STACK G=(none) M=C0S ACBP=74

  Address         Publics by Name

 0000:01F8       DGROUP@
 0236:0188       emws_adjust
 0236:018C       emws_BPsafe
 0236:0184       emws_control
 0236:018A       emws_fixSeg
 0236:016E       emws_initialSP
 0236:00AE       emws_limitSP
 0236:017E       emws_nmiVector
 0236:017A       emws_saveVector
 0236:018E       emws_stamp
 0236:0182       emws_status
 0236:0186       emws_TOS
 0236:0192       emws_version
 0000:1806       LXMUL@
 0000:2314       SCOPY@
 0000:2330       SPUSH@
 0000:01E2       _abort
 0000:16B7       _access
 0000:030F       _addToDo
 0000:0818       _atexit
 0000:09E3       _brk
 0000:02F2       _buildNode
 0000:02C1       _buildNodeComplex
 0000:1219       _close
 0000:044F       _countNumberOfElements
 0000:0351       _deleteToDo
 0236:0088       _environ
 0000:1970       _eof
 0236:0094       _errno
 0000:06AE       _exit
 0000:04C4       _exportToDosToCSV
 0000:1199       _fclose
 0000:0BF6       _fdopen
 0000:19DE       _fflush
 0000:0F86       _fgetc
 0000:107B       _fgetchar
 0000:0BAC       _fopen
 0000:22FC       _fprintf
 0000:1A8E       _fputc
 0000:1BBE       _fputchar
 0000:1397       _fread
 0000:22D5       _free
 0000:0BD0       _freopen
 0000:0E2C       _fseek
 0000:0E90       _ftell
 0000:14E6       _fwrite
 0000:0423       _init
 0000:1086       _ioctl
 0000:10AF       _isatty
 0000:179A       _itoa
 0000:05AF       _loadAllToDos
 0000:16F0       _lseek
 0000:17DF       _ltoa
 0000:01FA       _main
 0000:091D       _malloc
 0000:0C53       _open
 0000:1A5C       _printf
 0000:046C       _printList
 0000:02A3       _printNode
 0000:140E       _read
 0000:035D       _removeToDo
 0000:03B4       _returnItem
 0000:0513       _saveAllToDos
 0000:09F1       _sbrk
 0000:10C7       _setvbuf
 0000:18B5       _strcat
 0000:190E       _strcpy
 0000:18F1       _strlen
 0000:1864       _tmpnam
 0000:17C3       _ultoa
 0000:189D       _unlink
 0000:155E       _write
 0236:0096       __8087
 0236:0084       __argc
 0236:0086       __argv
 0236:02F0       __atexitcnt
 0236:0532       __atexittbl
 0236:00A6       __brklvl
 0000:1932       __chmod
 0000:1246       __close
 0000:0000  Abs  __cvtfak
 0236:028A       __doserrno
 0236:028C       __dosErrorToSV
 0236:008A       __envLng
 0236:008C       __envseg
 0236:008E       __envSize
 0000:0121       __exit
 0236:02E6       __exitbuf
 0236:02E8       __exitfopen
 0236:02EA       __exitopen
 0000:0F73       __fgetc
 0236:045A       __fmode
 0000:1A75       __fputc
 0000:1BD4       __FPUTN
 0236:00A2       __heapbase
 0236:02EC       __heaplen
 0236:00AA       __heaptop
 0236:0074       __Int0Vector
 0236:0078       __Int4Vector
 0236:007C       __Int5Vector
 0236:0080       __Int6Vector
 0000:0672       __IOERROR
 0000:171B       __LONGTOA
 0000:181F       __MKNAME
 0236:045C       __notUmask
 0000:0D9C       __open
 0236:0432       __openfd
 0236:0092       __osmajor
 0236:0093       __osminor
 0236:0090       __psp
 0000:14CA       __read
 0000:1C8E       __REALCVT
 0236:051E       __RealCvtVector
 0000:01A5       __restorezero
 0236:0520       __ScanTodVector
 0000:06E3       __setargv
 0000:07CE       __setenvp
 0236:0098       __StartTime
 0236:045E       __stdinStarted
 0236:0460       __stdoutStarted
 0236:02EE       __stklen
 0236:02F2       __streams
 0236:0578       __tmpnum
 0236:0092       __version
 0000:1CBD       __VPRINTER
 0000:1671       __write
 0000:126A       __xfclose
 0000:1289       __xfflush
 0000:098B       ___brk
 0236:009E       ___brklvl
 0236:0576       ___first
 0236:009C       ___heapbase
 0236:00A0       ___heaptop
 0236:0572       ___last
 0000:083E       ___pull_free_block
 0236:0574       ___rover
 0000:09AF       ___sbrk

  Address         Publics by Value

 0000:0000  Abs  __cvtfak
 0000:0121       __exit
 0000:01A5       __restorezero
 0000:01E2       _abort
 0000:01F8       DGROUP@
 0000:01FA       _main
 0000:02A3       _printNode
 0000:02C1       _buildNodeComplex
 0000:02F2       _buildNode
 0000:030F       _addToDo
 0000:0351       _deleteToDo
 0000:035D       _removeToDo
 0000:03B4       _returnItem
 0000:0423       _init
 0000:044F       _countNumberOfElements
 0000:046C       _printList
 0000:04C4       _exportToDosToCSV
 0000:0513       _saveAllToDos
 0000:05AF       _loadAllToDos
 0000:0672       __IOERROR
 0000:06AE       _exit
 0000:06E3       __setargv
 0000:07CE       __setenvp
 0000:0818       _atexit
 0000:083E       ___pull_free_block
 0000:091D       _malloc
 0000:098B       ___brk
 0000:09AF       ___sbrk
 0000:09E3       _brk
 0000:09F1       _sbrk
 0000:0BAC       _fopen
 0000:0BD0       _freopen
 0000:0BF6       _fdopen
 0000:0C53       _open
 0000:0D9C       __open
 0000:0E2C       _fseek
 0000:0E90       _ftell
 0000:0F73       __fgetc
 0000:0F86       _fgetc
 0000:107B       _fgetchar
 0000:1086       _ioctl
 0000:10AF       _isatty
 0000:10C7       _setvbuf
 0000:1199       _fclose
 0000:1219       _close
 0000:1246       __close
 0000:126A       __xfclose
 0000:1289       __xfflush
 0000:1397       _fread
 0000:140E       _read
 0000:14CA       __read
 0000:14E6       _fwrite
 0000:155E       _write
 0000:1671       __write
 0000:16B7       _access
 0000:16F0       _lseek
 0000:171B       __LONGTOA
 0000:179A       _itoa
 0000:17C3       _ultoa
 0000:17DF       _ltoa
 0000:1806       LXMUL@
 0000:181F       __MKNAME
 0000:1864       _tmpnam
 0000:189D       _unlink
 0000:18B5       _strcat
 0000:18F1       _strlen
 0000:190E       _strcpy
 0000:1932       __chmod
 0000:1970       _eof
 0000:19DE       _fflush
 0000:1A5C       _printf
 0000:1A75       __fputc
 0000:1A8E       _fputc
 0000:1BBE       _fputchar
 0000:1BD4       __FPUTN
 0000:1C8E       __REALCVT
 0000:1CBD       __VPRINTER
 0000:22D5       _free
 0000:22FC       _fprintf
 0000:2314       SCOPY@
 0000:2330       SPUSH@
 0236:0074       __Int0Vector
 0236:0078       __Int4Vector
 0236:007C       __Int5Vector
 0236:0080       __Int6Vector
 0236:0084       __argc
 0236:0086       __argv
 0236:0088       _environ
 0236:008A       __envLng
 0236:008C       __envseg
 0236:008E       __envSize
 0236:0090       __psp
 0236:0092       __version
 0236:0092       __osmajor
 0236:0093       __osminor
 0236:0094       _errno
 0236:0096       __8087
 0236:0098       __StartTime
 0236:009C       ___heapbase
 0236:009E       ___brklvl
 0236:00A0       ___heaptop
 0236:00A2       __heapbase
 0236:00A6       __brklvl
 0236:00AA       __heaptop
 0236:00AE       emws_limitSP
 0236:016E       emws_initialSP
 0236:017A       emws_saveVector
 0236:017E       emws_nmiVector
 0236:0182       emws_status
 0236:0184       emws_control
 0236:0186       emws_TOS
 0236:0188       emws_adjust
 0236:018A       emws_fixSeg
 0236:018C       emws_BPsafe
 0236:018E       emws_stamp
 0236:0192       emws_version
 0236:028A       __doserrno
 0236:028C       __dosErrorToSV
 0236:02E6       __exitbuf
 0236:02E8       __exitfopen
 0236:02EA       __exitopen
 0236:02EC       __heaplen
 0236:02EE       __stklen
 0236:02F0       __atexitcnt
 0236:02F2       __streams
 0236:0432       __openfd
 0236:045A       __fmode
 0236:045C       __notUmask
 0236:045E       __stdinStarted
 0236:0460       __stdoutStarted
 0236:051E       __RealCvtVector
 0236:0520       __ScanTodVector
 0236:0532       __atexittbl
 0236:0572       ___last
 0236:0574       ___rover
 0236:0576       ___first
 0236:0578       __tmpnum

Program entry point at 0000:0000

