
 Start  Stop   Length Name               Class

 00000H 02F4BH 02F4CH _TEXT              CODE
 02F50H 03674H 00725H _DATA              DATA
 03676H 03679H 00004H _EMUSEG            DATA
 0367AH 0367BH 00002H _CRTSEG            DATA
 0367CH 0367DH 00002H _CVTSEG            DATA
 0367EH 03683H 00006H _SCNSEG            DATA
 03684H 0371DH 0009AH _BSS               BSS
 0371EH 0371EH 00000H _BSSEND            STACK
 03720H 0379FH 00080H _STACK             STACK

Detailed map of segments

0000:0000 01FA C=CODE S=_TEXT G=(none) M=C0S ACBP=28
0000:01FA 00E4 C=CODE S=_TEXT G=(none) M=TEST.C ACBP=28
0000:02DE 0444 C=CODE S=_TEXT G=(none) M=TODOAPI.C ACBP=28
0000:0722 003B C=CODE S=_TEXT G=(none) M=IOERROR ACBP=28
0000:075D 0030 C=CODE S=_TEXT G=(none) M=EXIT ACBP=28
0000:078D 0000 C=CODE S=_TEXT G=(none) M=HEAPLEN ACBP=28
0000:078D 00F1 C=CODE S=_TEXT G=(none) M=SETARGV ACBP=28
0000:087E 004A C=CODE S=_TEXT G=(none) M=SETENVP ACBP=28
0000:08C8 0000 C=CODE S=_TEXT G=(none) M=STKLEN ACBP=28
0000:08C8 0026 C=CODE S=_TEXT G=(none) M=ATEXIT ACBP=28
0000:08EE 014D C=CODE S=_TEXT G=(none) M=MALLOC ACBP=28
0000:0A3B 0078 C=CODE S=_TEXT G=(none) M=BRK ACBP=28
0000:0AB3 0000 C=CODE S=_TEXT G=(none) M=CTYPE ACBP=28
0000:0AB3 0221 C=CODE S=_TEXT G=(none) M=FOPEN ACBP=28
0000:0CD4 0178 C=CODE S=_TEXT G=(none) M=OPEN ACBP=28
0000:0E4C 0049 C=CODE S=_TEXT G=(none) M=OPENA ACBP=28
0000:0E95 0000 C=CODE S=_TEXT G=(none) M=FILES ACBP=28
0000:0E95 0000 C=CODE S=_TEXT G=(none) M=FILES2 ACBP=28
0000:0E95 0000 C=CODE S=_TEXT G=(none) M=FMODE ACBP=28
0000:0E95 010A C=CODE S=_TEXT G=(none) M=FSEEK ACBP=28
0000:0F9F 0197 C=CODE S=_TEXT G=(none) M=GETC ACBP=28
0000:1136 0029 C=CODE S=_TEXT G=(none) M=IOCTL ACBP=28
0000:115F 0018 C=CODE S=_TEXT G=(none) M=ISATTY ACBP=28
0000:1177 00D2 C=CODE S=_TEXT G=(none) M=SETVBUF ACBP=28
0000:1249 0080 C=CODE S=_TEXT G=(none) M=FCLOSE ACBP=28
0000:12C9 002D C=CODE S=_TEXT G=(none) M=CLOSE ACBP=28
0000:12F6 0024 C=CODE S=_TEXT G=(none) M=CLOSEA ACBP=28
0000:131A 001F C=CODE S=_TEXT G=(none) M=XFCLOSE ACBP=28
0000:1339 0021 C=CODE S=_TEXT G=(none) M=XFFLUSH ACBP=28
0000:135A 0164 C=CODE S=_TEXT G=(none) M=FREAD ACBP=28
0000:14BE 00BC C=CODE S=_TEXT G=(none) M=READ ACBP=28
0000:157A 001C C=CODE S=_TEXT G=(none) M=READA ACBP=28
0000:1596 0078 C=CODE S=_TEXT G=(none) M=FWRITE ACBP=28
0000:160E 0113 C=CODE S=_TEXT G=(none) M=WRITE ACBP=28
0000:1721 0046 C=CODE S=_TEXT G=(none) M=WRITEA ACBP=28
0000:1767 0039 C=CODE S=_TEXT G=(none) M=ACCESS ACBP=28
0000:17A0 002B C=CODE S=_TEXT G=(none) M=LSEEK ACBP=28
0000:17CB 00EB C=CODE S=_TEXT G=(none) M=LTOA ACBP=28
0000:18B6 0019 C=CODE S=_TEXT G=(none) M=LXMUL ACBP=28
0000:18CF 007E C=CODE S=_TEXT G=(none) M=TMPNAM ACBP=28
0000:194D 0018 C=CODE S=_TEXT G=(none) M=UNLINK ACBP=28
0000:1965 003C C=CODE S=_TEXT G=(none) M=STRCAT ACBP=28
0000:19A1 001D C=CODE S=_TEXT G=(none) M=STRLEN ACBP=28
0000:19BE 0024 C=CODE S=_TEXT G=(none) M=STRCPY ACBP=28
0000:19E2 0021 C=CODE S=_TEXT G=(none) M=MEMCPY ACBP=28
0000:1A03 0040 C=CODE S=_TEXT G=(none) M=MEMSET ACBP=28
0000:1A43 001D C=CODE S=_TEXT G=(none) M=CHMODA ACBP=28
0000:1A60 0021 C=CODE S=_TEXT G=(none) M=CVTFAK ACBP=28
0000:1A81 006E C=CODE S=_TEXT G=(none) M=EOF ACBP=28
0000:1AEF 007E C=CODE S=_TEXT G=(none) M=FFLUSH ACBP=28
0000:1B6D 0019 C=CODE S=_TEXT G=(none) M=PRINTF ACBP=28
0000:1B86 0219 C=CODE S=_TEXT G=(none) M=PUTC ACBP=28
0000:1D9F 0004 C=CODE S=_TEXT G=(none) M=REALCVT ACBP=28
0000:1DA3 052C C=CODE S=_TEXT G=(none) M=VPRINTER ACBP=28
0000:22CF 013E C=CODE S=_TEXT G=(none) M=FREE ACBP=28
0000:240D 0018 C=CODE S=_TEXT G=(none) M=FPRINTF ACBP=28
0000:2425 0080 C=CODE S=_TEXT G=(none) M=ATOL ACBP=28
0000:24A5 029F C=CODE S=_TEXT G=(none) M=CTIME ACBP=28
0000:2744 0028 C=CODE S=_TEXT G=(none) M=GETDATE ACBP=28
0000:276C 0061 C=CODE S=_TEXT G=(none) M=GETENV ACBP=28
0000:27CD 00A3 C=CODE S=_TEXT G=(none) M=LDIV ACBP=28
0000:2870 001C C=CODE S=_TEXT G=(none) M=SCOPY ACBP=28
0000:288C 0026 C=CODE S=_TEXT G=(none) M=SETDATE ACBP=28
0000:28B2 0065 C=CODE S=_TEXT G=(none) M=SPRINTF ACBP=28
0000:2917 0027 C=CODE S=_TEXT G=(none) M=SPUSH ACBP=28
0000:293E 007D C=CODE S=_TEXT G=(none) M=STIME ACBP=28
0000:29BB 002F C=CODE S=_TEXT G=(none) M=STRDUP ACBP=28
0000:29EA 002E C=CODE S=_TEXT G=(none) M=STRNCPY ACBP=28
0000:2A18 02FB C=CODE S=_TEXT G=(none) M=TIMECVT ACBP=28
0000:2D13 0239 C=CODE S=_TEXT G=(none) M=TZSET ACBP=28
02F5:0000 0194 C=DATA S=_DATA G=DGROUP M=C0S ACBP=68
02F5:0194 0078 C=DATA S=_DATA G=DGROUP M=TEST.C ACBP=48
02F5:020C 00A4 C=DATA S=_DATA G=DGROUP M=TODOAPI.C ACBP=48
02F5:02B0 005B C=DATA S=_DATA G=(none) M=IOERROR ACBP=48
02F5:030C 0006 C=DATA S=_DATA G=DGROUP M=EXIT ACBP=48
02F5:0312 0002 C=DATA S=_DATA G=DGROUP M=HEAPLEN ACBP=48
02F5:0314 0000 C=DATA S=_DATA G=DGROUP M=SETARGV ACBP=48
02F5:0314 0000 C=DATA S=_DATA G=DGROUP M=SETENVP ACBP=48
02F5:0314 0002 C=DATA S=_DATA G=DGROUP M=STKLEN ACBP=48
02F5:0316 0002 C=DATA S=_DATA G=DGROUP M=ATEXIT ACBP=48
02F5:0318 0000 C=DATA S=_DATA G=DGROUP M=MALLOC ACBP=48
02F5:0318 0000 C=DATA S=_DATA G=(none) M=BRK ACBP=48
02F5:0318 0101 C=DATA S=_DATA G=DGROUP M=CTYPE ACBP=48
02F5:041A 0000 C=DATA S=_DATA G=DGROUP M=FOPEN ACBP=48
02F5:041A 0000 C=DATA S=_DATA G=(none) M=OPEN ACBP=48
02F5:041A 0000 C=DATA S=_DATA G=(none) M=OPENA ACBP=48
02F5:041A 0140 C=DATA S=_DATA G=DGROUP M=FILES ACBP=48
02F5:055A 0028 C=DATA S=_DATA G=DGROUP M=FILES2 ACBP=48
02F5:0582 0004 C=DATA S=_DATA G=DGROUP M=FMODE ACBP=48
02F5:0586 0000 C=DATA S=_DATA G=DGROUP M=FSEEK ACBP=48
02F5:0586 0000 C=DATA S=_DATA G=DGROUP M=GETC ACBP=48
02F5:0586 0000 C=DATA S=_DATA G=(none) M=IOCTL ACBP=48
02F5:0586 0000 C=DATA S=_DATA G=(none) M=ISATTY ACBP=48
02F5:0586 0004 C=DATA S=_DATA G=DGROUP M=SETVBUF ACBP=48
02F5:058A 0000 C=DATA S=_DATA G=DGROUP M=FCLOSE ACBP=48
02F5:058A 0000 C=DATA S=_DATA G=DGROUP M=CLOSE ACBP=48
02F5:058A 0000 C=DATA S=_DATA G=(none) M=CLOSEA ACBP=48
02F5:058A 0000 C=DATA S=_DATA G=DGROUP M=XFCLOSE ACBP=48
02F5:058A 0000 C=DATA S=_DATA G=DGROUP M=XFFLUSH ACBP=48
02F5:058A 0000 C=DATA S=_DATA G=DGROUP M=FREAD ACBP=48
02F5:058A 0000 C=DATA S=_DATA G=(none) M=READ ACBP=48
02F5:058A 0000 C=DATA S=_DATA G=(none) M=READA ACBP=48
02F5:058A 0000 C=DATA S=_DATA G=DGROUP M=FWRITE ACBP=48
02F5:058A 0000 C=DATA S=_DATA G=DGROUP M=WRITE ACBP=48
02F5:058A 0000 C=DATA S=_DATA G=(none) M=WRITEA ACBP=48
02F5:058A 0000 C=DATA S=_DATA G=DGROUP M=ACCESS ACBP=48
02F5:058A 0000 C=DATA S=_DATA G=(none) M=LSEEK ACBP=48
02F5:058A 0000 C=DATA S=_DATA G=(none) M=LTOA ACBP=48
02F5:058A 0009 C=DATA S=_DATA G=DGROUP M=TMPNAM ACBP=48
02F5:0594 0000 C=DATA S=_DATA G=(none) M=UNLINK ACBP=48
02F5:0594 0000 C=DATA S=_DATA G=(none) M=STRCAT ACBP=48
02F5:0594 0000 C=DATA S=_DATA G=(none) M=STRLEN ACBP=48
02F5:0594 0000 C=DATA S=_DATA G=(none) M=STRCPY ACBP=48
02F5:0594 0000 C=DATA S=_DATA G=(none) M=MEMCPY ACBP=48
02F5:0594 0000 C=DATA S=_DATA G=(none) M=MEMSET ACBP=48
02F5:0594 0000 C=DATA S=_DATA G=(none) M=CHMODA ACBP=48
02F5:0594 0031 C=DATA S=_DATA G=DGROUP M=CVTFAK ACBP=48
02F5:05C6 0000 C=DATA S=_DATA G=(none) M=EOF ACBP=48
02F5:05C6 0000 C=DATA S=_DATA G=DGROUP M=FFLUSH ACBP=48
02F5:05C6 0000 C=DATA S=_DATA G=DGROUP M=PRINTF ACBP=48
02F5:05C6 0001 C=DATA S=_DATA G=DGROUP M=PUTC ACBP=48
02F5:05C8 0077 C=DATA S=_DATA G=DGROUP M=VPRINTER ACBP=48
02F5:0640 0000 C=DATA S=_DATA G=DGROUP M=FREE ACBP=48
02F5:0640 0000 C=DATA S=_DATA G=DGROUP M=FPRINTF ACBP=48
02F5:0640 0000 C=DATA S=_DATA G=(none) M=ATOL ACBP=48
02F5:0640 009D C=DATA S=_DATA G=DGROUP M=CTIME ACBP=48
02F5:06DE 0000 C=DATA S=_DATA G=DGROUP M=GETDATE ACBP=48
02F5:06DE 0000 C=DATA S=_DATA G=(none) M=GETENV ACBP=48
02F5:06DE 0000 C=DATA S=_DATA G=(none) M=SETDATE ACBP=48
02F5:06DE 0000 C=DATA S=_DATA G=DGROUP M=SPRINTF ACBP=48
02F5:06DE 0000 C=DATA S=_DATA G=DGROUP M=STIME ACBP=48
02F5:06DE 0000 C=DATA S=_DATA G=DGROUP M=STRDUP ACBP=48
02F5:06DE 0000 C=DATA S=_DATA G=(none) M=STRNCPY ACBP=48
02F5:06DE 000C C=DATA S=_DATA G=DGROUP M=TIMECVT ACBP=48
02F5:06EA 003B C=DATA S=_DATA G=(none) M=TZSET ACBP=48
0367:0006 0004 C=DATA S=_EMUSEG G=DGROUP M=C0S ACBP=58
0367:000A 0002 C=DATA S=_CRTSEG G=DGROUP M=C0S ACBP=58
0367:000C 0000 C=DATA S=_CVTSEG G=DGROUP M=C0S ACBP=48
0367:000C 0002 C=DATA S=_CVTSEG G=(none) M=CVTFAK ACBP=48
0367:000E 0000 C=DATA S=_CVTSEG G=DGROUP M=REALCVT ACBP=48
0367:000E 0000 C=DATA S=_SCNSEG G=DGROUP M=C0S ACBP=48
0367:000E 0006 C=DATA S=_SCNSEG G=(none) M=CVTFAK ACBP=48
0368:0004 0000 C=BSS S=_BSS G=DGROUP M=C0S ACBP=48
0368:0004 0000 C=BSS S=_BSS G=DGROUP M=TEST.C ACBP=48
0368:0004 000F C=BSS S=_BSS G=DGROUP M=TODOAPI.C ACBP=48
0368:0014 0000 C=BSS S=_BSS G=DGROUP M=IOERROR ACBP=48
0368:0014 0000 C=BSS S=_BSS G=DGROUP M=EXIT ACBP=48
0368:0014 0000 C=BSS S=_BSS G=DGROUP M=HEAPLEN ACBP=48
0368:0014 0000 C=BSS S=_BSS G=DGROUP M=STKLEN ACBP=48
0368:0014 0040 C=BSS S=_BSS G=DGROUP M=ATEXIT ACBP=48
0368:0054 0006 C=BSS S=_BSS G=DGROUP M=MALLOC ACBP=48
0368:005A 0000 C=BSS S=_BSS G=DGROUP M=BRK ACBP=48
0368:005A 0000 C=BSS S=_BSS G=DGROUP M=CTYPE ACBP=48
0368:005A 0000 C=BSS S=_BSS G=DGROUP M=FOPEN ACBP=48
0368:005A 0000 C=BSS S=_BSS G=DGROUP M=OPEN ACBP=48
0368:005A 0000 C=BSS S=_BSS G=DGROUP M=OPENA ACBP=48
0368:005A 0000 C=BSS S=_BSS G=DGROUP M=FILES ACBP=48
0368:005A 0000 C=BSS S=_BSS G=DGROUP M=FILES2 ACBP=48
0368:005A 0000 C=BSS S=_BSS G=DGROUP M=FMODE ACBP=48
0368:005A 0000 C=BSS S=_BSS G=DGROUP M=FSEEK ACBP=48
0368:005A 0000 C=BSS S=_BSS G=DGROUP M=GETC ACBP=48
0368:005A 0000 C=BSS S=_BSS G=DGROUP M=IOCTL ACBP=48
0368:005A 0000 C=BSS S=_BSS G=DGROUP M=ISATTY ACBP=48
0368:005A 0000 C=BSS S=_BSS G=DGROUP M=SETVBUF ACBP=48
0368:005A 0000 C=BSS S=_BSS G=DGROUP M=FCLOSE ACBP=48
0368:005A 0000 C=BSS S=_BSS G=DGROUP M=CLOSE ACBP=48
0368:005A 0000 C=BSS S=_BSS G=DGROUP M=CLOSEA ACBP=48
0368:005A 0000 C=BSS S=_BSS G=DGROUP M=XFCLOSE ACBP=48
0368:005A 0000 C=BSS S=_BSS G=DGROUP M=XFFLUSH ACBP=48
0368:005A 0000 C=BSS S=_BSS G=DGROUP M=FREAD ACBP=48
0368:005A 0000 C=BSS S=_BSS G=DGROUP M=READ ACBP=48
0368:005A 0000 C=BSS S=_BSS G=DGROUP M=READA ACBP=48
0368:005A 0000 C=BSS S=_BSS G=DGROUP M=FWRITE ACBP=48
0368:005A 0000 C=BSS S=_BSS G=DGROUP M=WRITE ACBP=48
0368:005A 0000 C=BSS S=_BSS G=DGROUP M=WRITEA ACBP=48
0368:005A 0000 C=BSS S=_BSS G=DGROUP M=ACCESS ACBP=48
0368:005A 0000 C=BSS S=_BSS G=DGROUP M=LSEEK ACBP=48
0368:005A 0000 C=BSS S=_BSS G=DGROUP M=LTOA ACBP=48
0368:005A 000F C=BSS S=_BSS G=DGROUP M=TMPNAM ACBP=48
0368:006A 0000 C=BSS S=_BSS G=DGROUP M=UNLINK ACBP=48
0368:006A 0000 C=BSS S=_BSS G=DGROUP M=STRCAT ACBP=48
0368:006A 0000 C=BSS S=_BSS G=DGROUP M=STRLEN ACBP=48
0368:006A 0000 C=BSS S=_BSS G=DGROUP M=STRCPY ACBP=48
0368:006A 0000 C=BSS S=_BSS G=DGROUP M=MEMCPY ACBP=48
0368:006A 0000 C=BSS S=_BSS G=DGROUP M=MEMSET ACBP=48
0368:006A 0000 C=BSS S=_BSS G=DGROUP M=CHMODA ACBP=48
0368:006A 0000 C=BSS S=_BSS G=DGROUP M=EOF ACBP=48
0368:006A 0000 C=BSS S=_BSS G=DGROUP M=FFLUSH ACBP=48
0368:006A 0000 C=BSS S=_BSS G=DGROUP M=PRINTF ACBP=48
0368:006A 0000 C=BSS S=_BSS G=DGROUP M=PUTC ACBP=48
0368:006A 0000 C=BSS S=_BSS G=DGROUP M=VPRINTER ACBP=48
0368:006A 0000 C=BSS S=_BSS G=DGROUP M=FREE ACBP=48
0368:006A 0000 C=BSS S=_BSS G=DGROUP M=FPRINTF ACBP=48
0368:006A 0000 C=BSS S=_BSS G=DGROUP M=ATOL ACBP=48
0368:006A 002C C=BSS S=_BSS G=DGROUP M=CTIME ACBP=48
0368:0096 0000 C=BSS S=_BSS G=DGROUP M=GETDATE ACBP=48
0368:0096 0000 C=BSS S=_BSS G=DGROUP M=GETENV ACBP=48
0368:0096 0000 C=BSS S=_BSS G=DGROUP M=SETDATE ACBP=48
0368:0096 0000 C=BSS S=_BSS G=DGROUP M=SPRINTF ACBP=48
0368:0096 0000 C=BSS S=_BSS G=DGROUP M=STIME ACBP=48
0368:0096 0000 C=BSS S=_BSS G=DGROUP M=STRDUP ACBP=48
0368:0096 0000 C=BSS S=_BSS G=DGROUP M=STRNCPY ACBP=48
0368:0096 0000 C=BSS S=_BSS G=DGROUP M=TIMECVT ACBP=48
0368:0096 0008 C=BSS S=_BSS G=DGROUP M=TZSET ACBP=48
0371:000E 0000 C=STACK S=_BSSEND G=DGROUP M=C0S ACBP=28
0372:0000 0080 C=STACK S=_STACK G=(none) M=C0S ACBP=74

  Address         Publics by Name

 0000:01F8       DGROUP@
 02F5:0188       emws_adjust
 02F5:018C       emws_BPsafe
 02F5:0184       emws_control
 02F5:018A       emws_fixSeg
 02F5:016E       emws_initialSP
 02F5:00AE       emws_limitSP
 02F5:017E       emws_nmiVector
 02F5:017A       emws_saveVector
 02F5:018E       emws_stamp
 02F5:0182       emws_status
 02F5:0186       emws_TOS
 02F5:0192       emws_version
 0000:27CD       LDIV@
 0000:27D6       LMOD@
 0000:27D1       LUDIV@
 0000:27DB       LUMOD@
 0000:18B6       LXMUL@
 0000:2870       SCOPY@
 0000:2917       SPUSH@
 0000:01E2       _abort
 0000:1767       _access
 0000:0369       _addToDo
 0000:26F0       _asctime
 0000:08C8       _atexit
 0000:2497       _atoi
 0000:2425       _atol
 0000:0A93       _brk
 0000:0346       _buildNode
 0000:0305       _buildNodeComplex
 0000:12C9       _close
 0000:0482       _countNumberOfElements
 0000:2731       _ctime
 02F5:0718       _daylight
 0000:0392       _deleteToDo
 0000:2A18       _dostounix
 02F5:0088       _environ
 0000:1A81       _eof
 02F5:0094       _errno
 0000:075E       _exit
 0000:04F7       _exportToDosToCSV
 0000:1249       _fclose
 0000:0CA6       _fdopen
 0000:1AEF       _fflush
 0000:1036       _fgetc
 0000:112B       _fgetchar
 0000:0C5C       _fopen
 0000:240D       _fprintf
 0000:1B9F       _fputc
 0000:1CCF       _fputchar
 0000:1447       _fread
 0000:23E6       _free
 0000:0C80       _freopen
 0000:0EDC       _fseek
 0000:0F40       _ftell
 0000:1596       _fwrite
 0000:2744       _getdate
 0000:276C       _getenv
 0000:2758       _gettime
 0000:26A2       _gmtime
 0000:0456       _init
 0000:0606       _insertBeginningList
 0000:1136       _ioctl
 0000:115F       _isatty
 0000:184A       _itoa
 0000:063E       _loadAllToDos
 0000:26B9       _localtime
 0000:17A0       _lseek
 0000:188F       _ltoa
 0000:01FA       _main
 0000:09CD       _malloc
 0000:19E2       _memcpy
 0000:1A2B       _memset
 0000:0D03       _open
 0000:1B6D       _printf
 0000:049F       _printList
 0000:02DE       _printNode
 0000:14BE       _read
 0000:039E       _removeToDo
 0000:03E7       _returnItem
 0000:0551       _saveAllToDos
 0000:0AA1       _sbrk
 0000:288C       _setdate
 0000:1A03       _setmem
 0000:289F       _settime
 0000:1177       _setvbuf
 0000:28DA       _sprintf
 0000:293E       _stime
 0000:1965       _strcat
 0000:19BE       _strcpy
 0000:29BB       _strdup
 0000:19A1       _strlen
 0000:29EA       _strncpy
 0000:2972       _time
 02F5:0714       _timezone
 0000:1914       _tmpnam
 02F5:0710       _tzname
 0000:2D13       _tzset
 0000:1873       _ultoa
 0000:2B39       _unixtodos
 0000:194D       _unlink
 0000:28F9       _vsprintf
 0000:160E       _write
 02F5:0096       __8087
 02F5:0084       __argc
 02F5:0086       __argv
 02F5:0316       __atexitcnt
 02F5:0744       __atexittbl
 02F5:00A6       __brklvl
 0000:1A43       __chmod
 0000:12F6       __close
 02F5:0318       __ctype
 0000:0000  Abs  __cvtfak
 02F5:02B0       __doserrno
 02F5:02B2       __dosErrorToSV
 02F5:008A       __envLng
 02F5:008C       __envseg
 02F5:008E       __envSize
 0000:0121       __exit
 02F5:030C       __exitbuf
 02F5:030E       __exitfopen
 02F5:0310       __exitopen
 0000:1023       __fgetc
 02F5:0582       __fmode
 0000:1B86       __fputc
 0000:1CE5       __FPUTN
 02F5:00A2       __heapbase
 02F5:0312       __heaplen
 02F5:00AA       __heaptop
 02F5:0074       __Int0Vector
 02F5:0078       __Int4Vector
 02F5:007C       __Int5Vector
 02F5:0080       __Int6Vector
 0000:0722       __IOERROR
 0000:2E72       __ISDST
 0000:17CB       __LONGTOA
 0000:18CF       __MKNAME
 02F5:06F6       __monthDay
 02F5:0584       __notUmask
 0000:0E4C       __open
 02F5:055A       __openfd
 02F5:0092       __osmajor
 02F5:0093       __osminor
 02F5:0090       __psp
 0000:157A       __read
 0000:1D9F       __REALCVT
 02F5:072C       __RealCvtVector
 0000:01A5       __restorezero
 02F5:072E       __ScanTodVector
 0000:0793       __setargv
 0000:087E       __setenvp
 02F5:0098       __StartTime
 02F5:0586       __stdinStarted
 02F5:0588       __stdoutStarted
 02F5:0314       __stklen
 02F5:041A       __streams
 02F5:078A       __tmpnum
 02F5:0092       __version
 0000:1DCE       __VPRINTER
 0000:1721       __write
 0000:131A       __xfclose
 0000:1339       __xfflush
 0000:0A3B       ___brk
 02F5:009E       ___brklvl
 02F5:0788       ___first
 02F5:009C       ___heapbase
 02F5:00A0       ___heaptop
 02F5:0784       ___last
 0000:08EE       ___pull_free_block
 02F5:0786       ___rover
 0000:0A5F       ___sbrk

  Address         Publics by Value

 0000:0000  Abs  __cvtfak
 0000:0121       __exit
 0000:01A5       __restorezero
 0000:01E2       _abort
 0000:01F8       DGROUP@
 0000:01FA       _main
 0000:02DE       _printNode
 0000:0305       _buildNodeComplex
 0000:0346       _buildNode
 0000:0369       _addToDo
 0000:0392       _deleteToDo
 0000:039E       _removeToDo
 0000:03E7       _returnItem
 0000:0456       _init
 0000:0482       _countNumberOfElements
 0000:049F       _printList
 0000:04F7       _exportToDosToCSV
 0000:0551       _saveAllToDos
 0000:0606       _insertBeginningList
 0000:063E       _loadAllToDos
 0000:0722       __IOERROR
 0000:075E       _exit
 0000:0793       __setargv
 0000:087E       __setenvp
 0000:08C8       _atexit
 0000:08EE       ___pull_free_block
 0000:09CD       _malloc
 0000:0A3B       ___brk
 0000:0A5F       ___sbrk
 0000:0A93       _brk
 0000:0AA1       _sbrk
 0000:0C5C       _fopen
 0000:0C80       _freopen
 0000:0CA6       _fdopen
 0000:0D03       _open
 0000:0E4C       __open
 0000:0EDC       _fseek
 0000:0F40       _ftell
 0000:1023       __fgetc
 0000:1036       _fgetc
 0000:112B       _fgetchar
 0000:1136       _ioctl
 0000:115F       _isatty
 0000:1177       _setvbuf
 0000:1249       _fclose
 0000:12C9       _close
 0000:12F6       __close
 0000:131A       __xfclose
 0000:1339       __xfflush
 0000:1447       _fread
 0000:14BE       _read
 0000:157A       __read
 0000:1596       _fwrite
 0000:160E       _write
 0000:1721       __write
 0000:1767       _access
 0000:17A0       _lseek
 0000:17CB       __LONGTOA
 0000:184A       _itoa
 0000:1873       _ultoa
 0000:188F       _ltoa
 0000:18B6       LXMUL@
 0000:18CF       __MKNAME
 0000:1914       _tmpnam
 0000:194D       _unlink
 0000:1965       _strcat
 0000:19A1       _strlen
 0000:19BE       _strcpy
 0000:19E2       _memcpy
 0000:1A03       _setmem
 0000:1A2B       _memset
 0000:1A43       __chmod
 0000:1A81       _eof
 0000:1AEF       _fflush
 0000:1B6D       _printf
 0000:1B86       __fputc
 0000:1B9F       _fputc
 0000:1CCF       _fputchar
 0000:1CE5       __FPUTN
 0000:1D9F       __REALCVT
 0000:1DCE       __VPRINTER
 0000:23E6       _free
 0000:240D       _fprintf
 0000:2425       _atol
 0000:2497       _atoi
 0000:26A2       _gmtime
 0000:26B9       _localtime
 0000:26F0       _asctime
 0000:2731       _ctime
 0000:2744       _getdate
 0000:2758       _gettime
 0000:276C       _getenv
 0000:27CD       LDIV@
 0000:27D1       LUDIV@
 0000:27D6       LMOD@
 0000:27DB       LUMOD@
 0000:2870       SCOPY@
 0000:288C       _setdate
 0000:289F       _settime
 0000:28DA       _sprintf
 0000:28F9       _vsprintf
 0000:2917       SPUSH@
 0000:293E       _stime
 0000:2972       _time
 0000:29BB       _strdup
 0000:29EA       _strncpy
 0000:2A18       _dostounix
 0000:2B39       _unixtodos
 0000:2D13       _tzset
 0000:2E72       __ISDST
 02F5:0074       __Int0Vector
 02F5:0078       __Int4Vector
 02F5:007C       __Int5Vector
 02F5:0080       __Int6Vector
 02F5:0084       __argc
 02F5:0086       __argv
 02F5:0088       _environ
 02F5:008A       __envLng
 02F5:008C       __envseg
 02F5:008E       __envSize
 02F5:0090       __psp
 02F5:0092       __version
 02F5:0092       __osmajor
 02F5:0093       __osminor
 02F5:0094       _errno
 02F5:0096       __8087
 02F5:0098       __StartTime
 02F5:009C       ___heapbase
 02F5:009E       ___brklvl
 02F5:00A0       ___heaptop
 02F5:00A2       __heapbase
 02F5:00A6       __brklvl
 02F5:00AA       __heaptop
 02F5:00AE       emws_limitSP
 02F5:016E       emws_initialSP
 02F5:017A       emws_saveVector
 02F5:017E       emws_nmiVector
 02F5:0182       emws_status
 02F5:0184       emws_control
 02F5:0186       emws_TOS
 02F5:0188       emws_adjust
 02F5:018A       emws_fixSeg
 02F5:018C       emws_BPsafe
 02F5:018E       emws_stamp
 02F5:0192       emws_version
 02F5:02B0       __doserrno
 02F5:02B2       __dosErrorToSV
 02F5:030C       __exitbuf
 02F5:030E       __exitfopen
 02F5:0310       __exitopen
 02F5:0312       __heaplen
 02F5:0314       __stklen
 02F5:0316       __atexitcnt
 02F5:0318       __ctype
 02F5:041A       __streams
 02F5:055A       __openfd
 02F5:0582       __fmode
 02F5:0584       __notUmask
 02F5:0586       __stdinStarted
 02F5:0588       __stdoutStarted
 02F5:06F6       __monthDay
 02F5:0710       _tzname
 02F5:0714       _timezone
 02F5:0718       _daylight
 02F5:072C       __RealCvtVector
 02F5:072E       __ScanTodVector
 02F5:0744       __atexittbl
 02F5:0784       ___last
 02F5:0786       ___rover
 02F5:0788       ___first
 02F5:078A       __tmpnum

Program entry point at 0000:0000

