
 Start  Stop   Length Name               Class

 00000H 02426H 02427H _TEXT              CODE
 02430H 02953H 00524H _DATA              DATA
 02954H 02957H 00004H _EMUSEG            DATA
 02958H 02959H 00002H _CRTSEG            DATA
 0295AH 0295BH 00002H _CVTSEG            DATA
 0295CH 02961H 00006H _SCNSEG            DATA
 02962H 029C3H 00062H _BSS               BSS
 029C4H 029C4H 00000H _BSSEND            STACK
 029D0H 02A4FH 00080H _STACK             STACK

Detailed map of segments

0000:0000 01FA C=CODE S=_TEXT G=(none) M=C0S ACBP=28
0000:01FA 00CF C=CODE S=_TEXT G=(none) M=TEST.C ACBP=28
0000:02C9 03C4 C=CODE S=_TEXT G=(none) M=TODOAPI.C ACBP=28
0000:068D 003B C=CODE S=_TEXT G=(none) M=IOERROR ACBP=28
0000:06C8 0030 C=CODE S=_TEXT G=(none) M=EXIT ACBP=28
0000:06F8 0000 C=CODE S=_TEXT G=(none) M=HEAPLEN ACBP=28
0000:06F8 00F1 C=CODE S=_TEXT G=(none) M=SETARGV ACBP=28
0000:07E9 004A C=CODE S=_TEXT G=(none) M=SETENVP ACBP=28
0000:0833 0000 C=CODE S=_TEXT G=(none) M=STKLEN ACBP=28
0000:0833 0026 C=CODE S=_TEXT G=(none) M=ATEXIT ACBP=28
0000:0859 014D C=CODE S=_TEXT G=(none) M=MALLOC ACBP=28
0000:09A6 0078 C=CODE S=_TEXT G=(none) M=BRK ACBP=28
0000:0A1E 0221 C=CODE S=_TEXT G=(none) M=FOPEN ACBP=28
0000:0C3F 0178 C=CODE S=_TEXT G=(none) M=OPEN ACBP=28
0000:0DB7 0049 C=CODE S=_TEXT G=(none) M=OPENA ACBP=28
0000:0E00 0000 C=CODE S=_TEXT G=(none) M=FILES ACBP=28
0000:0E00 0000 C=CODE S=_TEXT G=(none) M=FILES2 ACBP=28
0000:0E00 0000 C=CODE S=_TEXT G=(none) M=FMODE ACBP=28
0000:0E00 010A C=CODE S=_TEXT G=(none) M=FSEEK ACBP=28
0000:0F0A 0197 C=CODE S=_TEXT G=(none) M=GETC ACBP=28
0000:10A1 0029 C=CODE S=_TEXT G=(none) M=IOCTL ACBP=28
0000:10CA 0018 C=CODE S=_TEXT G=(none) M=ISATTY ACBP=28
0000:10E2 00D2 C=CODE S=_TEXT G=(none) M=SETVBUF ACBP=28
0000:11B4 0080 C=CODE S=_TEXT G=(none) M=FCLOSE ACBP=28
0000:1234 002D C=CODE S=_TEXT G=(none) M=CLOSE ACBP=28
0000:1261 0024 C=CODE S=_TEXT G=(none) M=CLOSEA ACBP=28
0000:1285 001F C=CODE S=_TEXT G=(none) M=XFCLOSE ACBP=28
0000:12A4 0021 C=CODE S=_TEXT G=(none) M=XFFLUSH ACBP=28
0000:12C5 0164 C=CODE S=_TEXT G=(none) M=FREAD ACBP=28
0000:1429 00BC C=CODE S=_TEXT G=(none) M=READ ACBP=28
0000:14E5 001C C=CODE S=_TEXT G=(none) M=READA ACBP=28
0000:1501 0078 C=CODE S=_TEXT G=(none) M=FWRITE ACBP=28
0000:1579 0113 C=CODE S=_TEXT G=(none) M=WRITE ACBP=28
0000:168C 0046 C=CODE S=_TEXT G=(none) M=WRITEA ACBP=28
0000:16D2 0039 C=CODE S=_TEXT G=(none) M=ACCESS ACBP=28
0000:170B 002B C=CODE S=_TEXT G=(none) M=LSEEK ACBP=28
0000:1736 00EB C=CODE S=_TEXT G=(none) M=LTOA ACBP=28
0000:1821 0019 C=CODE S=_TEXT G=(none) M=LXMUL ACBP=28
0000:183A 007E C=CODE S=_TEXT G=(none) M=TMPNAM ACBP=28
0000:18B8 0018 C=CODE S=_TEXT G=(none) M=UNLINK ACBP=28
0000:18D0 003C C=CODE S=_TEXT G=(none) M=STRCAT ACBP=28
0000:190C 001D C=CODE S=_TEXT G=(none) M=STRLEN ACBP=28
0000:1929 0024 C=CODE S=_TEXT G=(none) M=STRCPY ACBP=28
0000:194D 0021 C=CODE S=_TEXT G=(none) M=MEMCPY ACBP=28
0000:196E 001D C=CODE S=_TEXT G=(none) M=CHMODA ACBP=28
0000:198B 0021 C=CODE S=_TEXT G=(none) M=CVTFAK ACBP=28
0000:19AC 006E C=CODE S=_TEXT G=(none) M=EOF ACBP=28
0000:1A1A 007E C=CODE S=_TEXT G=(none) M=FFLUSH ACBP=28
0000:1A98 0019 C=CODE S=_TEXT G=(none) M=PRINTF ACBP=28
0000:1AB1 0219 C=CODE S=_TEXT G=(none) M=PUTC ACBP=28
0000:1CCA 0004 C=CODE S=_TEXT G=(none) M=REALCVT ACBP=28
0000:1CCE 052C C=CODE S=_TEXT G=(none) M=VPRINTER ACBP=28
0000:21FA 013E C=CODE S=_TEXT G=(none) M=FREE ACBP=28
0000:2338 0018 C=CODE S=_TEXT G=(none) M=FPRINTF ACBP=28
0000:2350 001C C=CODE S=_TEXT G=(none) M=SCOPY ACBP=28
0000:236C 0065 C=CODE S=_TEXT G=(none) M=SPRINTF ACBP=28
0000:23D1 0027 C=CODE S=_TEXT G=(none) M=SPUSH ACBP=28
0000:23F8 002F C=CODE S=_TEXT G=(none) M=STRDUP ACBP=28
0243:0000 0194 C=DATA S=_DATA G=DGROUP M=C0S ACBP=68
0243:0194 006C C=DATA S=_DATA G=DGROUP M=TEST.C ACBP=48
0243:0200 0095 C=DATA S=_DATA G=DGROUP M=TODOAPI.C ACBP=48
0243:0296 005B C=DATA S=_DATA G=(none) M=IOERROR ACBP=48
0243:02F2 0006 C=DATA S=_DATA G=DGROUP M=EXIT ACBP=48
0243:02F8 0002 C=DATA S=_DATA G=DGROUP M=HEAPLEN ACBP=48
0243:02FA 0000 C=DATA S=_DATA G=DGROUP M=SETARGV ACBP=48
0243:02FA 0000 C=DATA S=_DATA G=DGROUP M=SETENVP ACBP=48
0243:02FA 0002 C=DATA S=_DATA G=DGROUP M=STKLEN ACBP=48
0243:02FC 0002 C=DATA S=_DATA G=DGROUP M=ATEXIT ACBP=48
0243:02FE 0000 C=DATA S=_DATA G=DGROUP M=MALLOC ACBP=48
0243:02FE 0000 C=DATA S=_DATA G=(none) M=BRK ACBP=48
0243:02FE 0000 C=DATA S=_DATA G=DGROUP M=FOPEN ACBP=48
0243:02FE 0000 C=DATA S=_DATA G=(none) M=OPEN ACBP=48
0243:02FE 0000 C=DATA S=_DATA G=(none) M=OPENA ACBP=48
0243:02FE 0140 C=DATA S=_DATA G=DGROUP M=FILES ACBP=48
0243:043E 0028 C=DATA S=_DATA G=DGROUP M=FILES2 ACBP=48
0243:0466 0004 C=DATA S=_DATA G=DGROUP M=FMODE ACBP=48
0243:046A 0000 C=DATA S=_DATA G=DGROUP M=FSEEK ACBP=48
0243:046A 0000 C=DATA S=_DATA G=DGROUP M=GETC ACBP=48
0243:046A 0000 C=DATA S=_DATA G=(none) M=IOCTL ACBP=48
0243:046A 0000 C=DATA S=_DATA G=(none) M=ISATTY ACBP=48
0243:046A 0004 C=DATA S=_DATA G=DGROUP M=SETVBUF ACBP=48
0243:046E 0000 C=DATA S=_DATA G=DGROUP M=FCLOSE ACBP=48
0243:046E 0000 C=DATA S=_DATA G=DGROUP M=CLOSE ACBP=48
0243:046E 0000 C=DATA S=_DATA G=(none) M=CLOSEA ACBP=48
0243:046E 0000 C=DATA S=_DATA G=DGROUP M=XFCLOSE ACBP=48
0243:046E 0000 C=DATA S=_DATA G=DGROUP M=XFFLUSH ACBP=48
0243:046E 0000 C=DATA S=_DATA G=DGROUP M=FREAD ACBP=48
0243:046E 0000 C=DATA S=_DATA G=(none) M=READ ACBP=48
0243:046E 0000 C=DATA S=_DATA G=(none) M=READA ACBP=48
0243:046E 0000 C=DATA S=_DATA G=DGROUP M=FWRITE ACBP=48
0243:046E 0000 C=DATA S=_DATA G=DGROUP M=WRITE ACBP=48
0243:046E 0000 C=DATA S=_DATA G=(none) M=WRITEA ACBP=48
0243:046E 0000 C=DATA S=_DATA G=DGROUP M=ACCESS ACBP=48
0243:046E 0000 C=DATA S=_DATA G=(none) M=LSEEK ACBP=48
0243:046E 0000 C=DATA S=_DATA G=(none) M=LTOA ACBP=48
0243:046E 0009 C=DATA S=_DATA G=DGROUP M=TMPNAM ACBP=48
0243:0478 0000 C=DATA S=_DATA G=(none) M=UNLINK ACBP=48
0243:0478 0000 C=DATA S=_DATA G=(none) M=STRCAT ACBP=48
0243:0478 0000 C=DATA S=_DATA G=(none) M=STRLEN ACBP=48
0243:0478 0000 C=DATA S=_DATA G=(none) M=STRCPY ACBP=48
0243:0478 0000 C=DATA S=_DATA G=(none) M=MEMCPY ACBP=48
0243:0478 0000 C=DATA S=_DATA G=(none) M=CHMODA ACBP=48
0243:0478 0031 C=DATA S=_DATA G=DGROUP M=CVTFAK ACBP=48
0243:04AA 0000 C=DATA S=_DATA G=(none) M=EOF ACBP=48
0243:04AA 0000 C=DATA S=_DATA G=DGROUP M=FFLUSH ACBP=48
0243:04AA 0000 C=DATA S=_DATA G=DGROUP M=PRINTF ACBP=48
0243:04AA 0001 C=DATA S=_DATA G=DGROUP M=PUTC ACBP=48
0243:04AC 0077 C=DATA S=_DATA G=DGROUP M=VPRINTER ACBP=48
0243:0524 0000 C=DATA S=_DATA G=DGROUP M=FREE ACBP=48
0243:0524 0000 C=DATA S=_DATA G=DGROUP M=FPRINTF ACBP=48
0243:0524 0000 C=DATA S=_DATA G=DGROUP M=SPRINTF ACBP=48
0243:0524 0000 C=DATA S=_DATA G=DGROUP M=STRDUP ACBP=48
0295:0004 0004 C=DATA S=_EMUSEG G=DGROUP M=C0S ACBP=58
0295:0008 0002 C=DATA S=_CRTSEG G=DGROUP M=C0S ACBP=58
0295:000A 0000 C=DATA S=_CVTSEG G=DGROUP M=C0S ACBP=48
0295:000A 0002 C=DATA S=_CVTSEG G=(none) M=CVTFAK ACBP=48
0295:000C 0000 C=DATA S=_CVTSEG G=DGROUP M=REALCVT ACBP=48
0295:000C 0000 C=DATA S=_SCNSEG G=DGROUP M=C0S ACBP=48
0295:000C 0006 C=DATA S=_SCNSEG G=(none) M=CVTFAK ACBP=48
0296:0002 0000 C=BSS S=_BSS G=DGROUP M=C0S ACBP=48
0296:0002 0000 C=BSS S=_BSS G=DGROUP M=TEST.C ACBP=48
0296:0002 000B C=BSS S=_BSS G=DGROUP M=TODOAPI.C ACBP=48
0296:000E 0000 C=BSS S=_BSS G=DGROUP M=IOERROR ACBP=48
0296:000E 0000 C=BSS S=_BSS G=DGROUP M=EXIT ACBP=48
0296:000E 0000 C=BSS S=_BSS G=DGROUP M=HEAPLEN ACBP=48
0296:000E 0000 C=BSS S=_BSS G=DGROUP M=STKLEN ACBP=48
0296:000E 0040 C=BSS S=_BSS G=DGROUP M=ATEXIT ACBP=48
0296:004E 0006 C=BSS S=_BSS G=DGROUP M=MALLOC ACBP=48
0296:0054 0000 C=BSS S=_BSS G=DGROUP M=BRK ACBP=48
0296:0054 0000 C=BSS S=_BSS G=DGROUP M=FOPEN ACBP=48
0296:0054 0000 C=BSS S=_BSS G=DGROUP M=OPEN ACBP=48
0296:0054 0000 C=BSS S=_BSS G=DGROUP M=OPENA ACBP=48
0296:0054 0000 C=BSS S=_BSS G=DGROUP M=FILES ACBP=48
0296:0054 0000 C=BSS S=_BSS G=DGROUP M=FILES2 ACBP=48
0296:0054 0000 C=BSS S=_BSS G=DGROUP M=FMODE ACBP=48
0296:0054 0000 C=BSS S=_BSS G=DGROUP M=FSEEK ACBP=48
0296:0054 0000 C=BSS S=_BSS G=DGROUP M=GETC ACBP=48
0296:0054 0000 C=BSS S=_BSS G=DGROUP M=IOCTL ACBP=48
0296:0054 0000 C=BSS S=_BSS G=DGROUP M=ISATTY ACBP=48
0296:0054 0000 C=BSS S=_BSS G=DGROUP M=SETVBUF ACBP=48
0296:0054 0000 C=BSS S=_BSS G=DGROUP M=FCLOSE ACBP=48
0296:0054 0000 C=BSS S=_BSS G=DGROUP M=CLOSE ACBP=48
0296:0054 0000 C=BSS S=_BSS G=DGROUP M=CLOSEA ACBP=48
0296:0054 0000 C=BSS S=_BSS G=DGROUP M=XFCLOSE ACBP=48
0296:0054 0000 C=BSS S=_BSS G=DGROUP M=XFFLUSH ACBP=48
0296:0054 0000 C=BSS S=_BSS G=DGROUP M=FREAD ACBP=48
0296:0054 0000 C=BSS S=_BSS G=DGROUP M=READ ACBP=48
0296:0054 0000 C=BSS S=_BSS G=DGROUP M=READA ACBP=48
0296:0054 0000 C=BSS S=_BSS G=DGROUP M=FWRITE ACBP=48
0296:0054 0000 C=BSS S=_BSS G=DGROUP M=WRITE ACBP=48
0296:0054 0000 C=BSS S=_BSS G=DGROUP M=WRITEA ACBP=48
0296:0054 0000 C=BSS S=_BSS G=DGROUP M=ACCESS ACBP=48
0296:0054 0000 C=BSS S=_BSS G=DGROUP M=LSEEK ACBP=48
0296:0054 0000 C=BSS S=_BSS G=DGROUP M=LTOA ACBP=48
0296:0054 000F C=BSS S=_BSS G=DGROUP M=TMPNAM ACBP=48
0296:0064 0000 C=BSS S=_BSS G=DGROUP M=UNLINK ACBP=48
0296:0064 0000 C=BSS S=_BSS G=DGROUP M=STRCAT ACBP=48
0296:0064 0000 C=BSS S=_BSS G=DGROUP M=STRLEN ACBP=48
0296:0064 0000 C=BSS S=_BSS G=DGROUP M=STRCPY ACBP=48
0296:0064 0000 C=BSS S=_BSS G=DGROUP M=MEMCPY ACBP=48
0296:0064 0000 C=BSS S=_BSS G=DGROUP M=CHMODA ACBP=48
0296:0064 0000 C=BSS S=_BSS G=DGROUP M=EOF ACBP=48
0296:0064 0000 C=BSS S=_BSS G=DGROUP M=FFLUSH ACBP=48
0296:0064 0000 C=BSS S=_BSS G=DGROUP M=PRINTF ACBP=48
0296:0064 0000 C=BSS S=_BSS G=DGROUP M=PUTC ACBP=48
0296:0064 0000 C=BSS S=_BSS G=DGROUP M=VPRINTER ACBP=48
0296:0064 0000 C=BSS S=_BSS G=DGROUP M=FREE ACBP=48
0296:0064 0000 C=BSS S=_BSS G=DGROUP M=FPRINTF ACBP=48
0296:0064 0000 C=BSS S=_BSS G=DGROUP M=SPRINTF ACBP=48
0296:0064 0000 C=BSS S=_BSS G=DGROUP M=STRDUP ACBP=48
029C:0004 0000 C=STACK S=_BSSEND G=DGROUP M=C0S ACBP=28
029D:0000 0080 C=STACK S=_STACK G=(none) M=C0S ACBP=74

  Address         Publics by Name

 0000:01F8       DGROUP@
 0243:0188       emws_adjust
 0243:018C       emws_BPsafe
 0243:0184       emws_control
 0243:018A       emws_fixSeg
 0243:016E       emws_initialSP
 0243:00AE       emws_limitSP
 0243:017E       emws_nmiVector
 0243:017A       emws_saveVector
 0243:018E       emws_stamp
 0243:0182       emws_status
 0243:0186       emws_TOS
 0243:0192       emws_version
 0000:1821       LXMUL@
 0000:2350       SCOPY@
 0000:23D1       SPUSH@
 0000:01E2       _abort
 0000:16D2       _access
 0000:0339       _addToDo
 0000:0833       _atexit
 0000:09FE       _brk
 0000:031C       _buildNode
 0000:02E7       _buildNodeComplex
 0000:1234       _close
 0000:046B       _countNumberOfElements
 0000:037B       _deleteToDo
 0243:0088       _environ
 0000:19AC       _eof
 0243:0094       _errno
 0000:06C9       _exit
 0000:04E0       _exportToDosToCSV
 0000:11B4       _fclose
 0000:0C11       _fdopen
 0000:1A1A       _fflush
 0000:0FA1       _fgetc
 0000:1096       _fgetchar
 0000:0BC7       _fopen
 0000:2338       _fprintf
 0000:1ACA       _fputc
 0000:1BFA       _fputchar
 0000:13B2       _fread
 0000:2311       _free
 0000:0BEB       _freopen
 0000:0E47       _fseek
 0000:0EAB       _ftell
 0000:1501       _fwrite
 0000:043F       _init
 0000:10A1       _ioctl
 0000:10CA       _isatty
 0000:17B5       _itoa
 0000:05CB       _loadAllToDos
 0000:170B       _lseek
 0000:17FA       _ltoa
 0000:01FA       _main
 0000:0938       _malloc
 0000:194D       _memcpy
 0000:0C6E       _open
 0000:1A98       _printf
 0000:0488       _printList
 0000:02C9       _printNode
 0000:1429       _read
 0000:0387       _removeToDo
 0000:03D0       _returnItem
 0000:052F       _saveAllToDos
 0000:0A0C       _sbrk
 0000:10E2       _setvbuf
 0000:2394       _sprintf
 0000:18D0       _strcat
 0000:1929       _strcpy
 0000:23F8       _strdup
 0000:190C       _strlen
 0000:187F       _tmpnam
 0000:17DE       _ultoa
 0000:18B8       _unlink
 0000:23B3       _vsprintf
 0000:1579       _write
 0243:0096       __8087
 0243:0084       __argc
 0243:0086       __argv
 0243:02FC       __atexitcnt
 0243:053E       __atexittbl
 0243:00A6       __brklvl
 0000:196E       __chmod
 0000:1261       __close
 0000:0000  Abs  __cvtfak
 0243:0296       __doserrno
 0243:0298       __dosErrorToSV
 0243:008A       __envLng
 0243:008C       __envseg
 0243:008E       __envSize
 0000:0121       __exit
 0243:02F2       __exitbuf
 0243:02F4       __exitfopen
 0243:02F6       __exitopen
 0000:0F8E       __fgetc
 0243:0466       __fmode
 0000:1AB1       __fputc
 0000:1C10       __FPUTN
 0243:00A2       __heapbase
 0243:02F8       __heaplen
 0243:00AA       __heaptop
 0243:0074       __Int0Vector
 0243:0078       __Int4Vector
 0243:007C       __Int5Vector
 0243:0080       __Int6Vector
 0000:068D       __IOERROR
 0000:1736       __LONGTOA
 0000:183A       __MKNAME
 0243:0468       __notUmask
 0000:0DB7       __open
 0243:043E       __openfd
 0243:0092       __osmajor
 0243:0093       __osminor
 0243:0090       __psp
 0000:14E5       __read
 0000:1CCA       __REALCVT
 0243:052A       __RealCvtVector
 0000:01A5       __restorezero
 0243:052C       __ScanTodVector
 0000:06FE       __setargv
 0000:07E9       __setenvp
 0243:0098       __StartTime
 0243:046A       __stdinStarted
 0243:046C       __stdoutStarted
 0243:02FA       __stklen
 0243:02FE       __streams
 0243:0584       __tmpnum
 0243:0092       __version
 0000:1CF9       __VPRINTER
 0000:168C       __write
 0000:1285       __xfclose
 0000:12A4       __xfflush
 0000:09A6       ___brk
 0243:009E       ___brklvl
 0243:0582       ___first
 0243:009C       ___heapbase
 0243:00A0       ___heaptop
 0243:057E       ___last
 0000:0859       ___pull_free_block
 0243:0580       ___rover
 0000:09CA       ___sbrk

  Address         Publics by Value

 0000:0000  Abs  __cvtfak
 0000:0121       __exit
 0000:01A5       __restorezero
 0000:01E2       _abort
 0000:01F8       DGROUP@
 0000:01FA       _main
 0000:02C9       _printNode
 0000:02E7       _buildNodeComplex
 0000:031C       _buildNode
 0000:0339       _addToDo
 0000:037B       _deleteToDo
 0000:0387       _removeToDo
 0000:03D0       _returnItem
 0000:043F       _init
 0000:046B       _countNumberOfElements
 0000:0488       _printList
 0000:04E0       _exportToDosToCSV
 0000:052F       _saveAllToDos
 0000:05CB       _loadAllToDos
 0000:068D       __IOERROR
 0000:06C9       _exit
 0000:06FE       __setargv
 0000:07E9       __setenvp
 0000:0833       _atexit
 0000:0859       ___pull_free_block
 0000:0938       _malloc
 0000:09A6       ___brk
 0000:09CA       ___sbrk
 0000:09FE       _brk
 0000:0A0C       _sbrk
 0000:0BC7       _fopen
 0000:0BEB       _freopen
 0000:0C11       _fdopen
 0000:0C6E       _open
 0000:0DB7       __open
 0000:0E47       _fseek
 0000:0EAB       _ftell
 0000:0F8E       __fgetc
 0000:0FA1       _fgetc
 0000:1096       _fgetchar
 0000:10A1       _ioctl
 0000:10CA       _isatty
 0000:10E2       _setvbuf
 0000:11B4       _fclose
 0000:1234       _close
 0000:1261       __close
 0000:1285       __xfclose
 0000:12A4       __xfflush
 0000:13B2       _fread
 0000:1429       _read
 0000:14E5       __read
 0000:1501       _fwrite
 0000:1579       _write
 0000:168C       __write
 0000:16D2       _access
 0000:170B       _lseek
 0000:1736       __LONGTOA
 0000:17B5       _itoa
 0000:17DE       _ultoa
 0000:17FA       _ltoa
 0000:1821       LXMUL@
 0000:183A       __MKNAME
 0000:187F       _tmpnam
 0000:18B8       _unlink
 0000:18D0       _strcat
 0000:190C       _strlen
 0000:1929       _strcpy
 0000:194D       _memcpy
 0000:196E       __chmod
 0000:19AC       _eof
 0000:1A1A       _fflush
 0000:1A98       _printf
 0000:1AB1       __fputc
 0000:1ACA       _fputc
 0000:1BFA       _fputchar
 0000:1C10       __FPUTN
 0000:1CCA       __REALCVT
 0000:1CF9       __VPRINTER
 0000:2311       _free
 0000:2338       _fprintf
 0000:2350       SCOPY@
 0000:2394       _sprintf
 0000:23B3       _vsprintf
 0000:23D1       SPUSH@
 0000:23F8       _strdup
 0243:0074       __Int0Vector
 0243:0078       __Int4Vector
 0243:007C       __Int5Vector
 0243:0080       __Int6Vector
 0243:0084       __argc
 0243:0086       __argv
 0243:0088       _environ
 0243:008A       __envLng
 0243:008C       __envseg
 0243:008E       __envSize
 0243:0090       __psp
 0243:0092       __osmajor
 0243:0092       __version
 0243:0093       __osminor
 0243:0094       _errno
 0243:0096       __8087
 0243:0098       __StartTime
 0243:009C       ___heapbase
 0243:009E       ___brklvl
 0243:00A0       ___heaptop
 0243:00A2       __heapbase
 0243:00A6       __brklvl
 0243:00AA       __heaptop
 0243:00AE       emws_limitSP
 0243:016E       emws_initialSP
 0243:017A       emws_saveVector
 0243:017E       emws_nmiVector
 0243:0182       emws_status
 0243:0184       emws_control
 0243:0186       emws_TOS
 0243:0188       emws_adjust
 0243:018A       emws_fixSeg
 0243:018C       emws_BPsafe
 0243:018E       emws_stamp
 0243:0192       emws_version
 0243:0296       __doserrno
 0243:0298       __dosErrorToSV
 0243:02F2       __exitbuf
 0243:02F4       __exitfopen
 0243:02F6       __exitopen
 0243:02F8       __heaplen
 0243:02FA       __stklen
 0243:02FC       __atexitcnt
 0243:02FE       __streams
 0243:043E       __openfd
 0243:0466       __fmode
 0243:0468       __notUmask
 0243:046A       __stdinStarted
 0243:046C       __stdoutStarted
 0243:052A       __RealCvtVector
 0243:052C       __ScanTodVector
 0243:053E       __atexittbl
 0243:057E       ___last
 0243:0580       ___rover
 0243:0582       ___first
 0243:0584       __tmpnum

Program entry point at 0000:0000

